src/components/ChatInterface.tsx(25,5): error TS2339: Property 'isChatOpen' does not exist on type '{} | null'.
src/components/ChatInterface.tsx(26,5): error TS2339: Property 'toggleChat' does not exist on type '{} | null'.
src/components/ChatInterface.tsx(27,5): error TS2339: Property 'jobs' does not exist on type '{} | null'.
src/components/ChatInterface.tsx(28,5): error TS2339: Property 'viewMode' does not exist on type '{} | null'.
src/components/ChatInterface.tsx(29,5): error TS2339: Property 'focusedGalaxy' does not exist on type '{} | null'.
src/components/ChatInterface.tsx(30,5): error TS2339: Property 'setFocusedGalaxy' does not exist on type '{} | null'.
src/components/ChatInterface.tsx(31,5): error TS2339: Property 'selectJob' does not exist on type '{} | null'.
src/components/ChatInterface.tsx(32,5): error TS2339: Property 'googleToken' does not exist on type '{} | null'.
src/components/ChatInterface.tsx(33,5): error TS2339: Property 'setActiveStatus' does not exist on type '{} | null'.
src/components/ChatInterface.tsx(34,5): error TS2339: Property 'isDictating' does not exist on type '{} | null'.
src/components/ChatInterface.tsx(35,5): error TS2339: Property 'setIsDictating' does not exist on type '{} | null'.
src/components/ChatInterface.tsx(36,5): error TS2339: Property 'isFullVoice' does not exist on type '{} | null'.
src/components/ChatInterface.tsx(37,5): error TS2339: Property 'setIsFullVoice' does not exist on type '{} | null'.
src/components/ChatInterface.tsx(100,33): error TS7006: Parameter 'j' implicitly has an 'any' type.
src/components/CommandBar.tsx(8,5): error TS2339: Property 'jobs' does not exist on type '{} | null'.
src/components/CommandBar.tsx(9,5): error TS2339: Property 'viewMode' does not exist on type '{} | null'.
src/components/CommandBar.tsx(10,5): error TS2339: Property 'setViewMode' does not exist on type '{} | null'.
src/components/CommandBar.tsx(11,5): error TS2339: Property 'resetUniverse' does not exist on type '{} | null'.
src/components/CommandBar.tsx(12,5): error TS2339: Property 'setActiveStatus' does not exist on type '{} | null'.
src/components/CommandBar.tsx(13,5): error TS2339: Property 'setLatchedStatus' does not exist on type '{} | null'.
src/components/CommandBar.tsx(14,5): error TS2339: Property 'activeStatus' does not exist on type '{} | null'.
src/components/CommandBar.tsx(15,5): error TS2339: Property 'latchedStatus' does not exist on type '{} | null'.
src/components/CommandBar.tsx(16,5): error TS2339: Property 'unreadCount' does not exist on type '{} | null'.
src/components/CommandBar.tsx(17,5): error TS2339: Property 'voiceEnabled' does not exist on type '{} | null'.
src/components/CommandBar.tsx(18,5): error TS2339: Property 'setVoiceEnabled' does not exist on type '{} | null'.
src/components/CommandBar.tsx(19,5): error TS2339: Property 'setFocusedGalaxy' does not exist on type '{} | null'.
src/components/CommandBar.tsx(26,27): error TS7006: Parameter 'j' implicitly has an 'any' type.
src/components/CommandBar.tsx(27,29): error TS7006: Parameter 'j' implicitly has an 'any' type.
src/components/CommandBar.tsx(28,32): error TS7006: Parameter 'j' implicitly has an 'any' type.
src/components/CommandBar.tsx(29,25): error TS7006: Parameter 'j' implicitly has an 'any' type.
src/components/CommandBar.tsx(30,26): error TS7006: Parameter 'j' implicitly has an 'any' type.
src/components/CommandBar.tsx(31,30): error TS7006: Parameter 'j' implicitly has an 'any' type.
src/components/CommandBar.tsx(32,28): error TS7006: Parameter 'j' implicitly has an 'any' type.
src/components/EarthView.tsx(12,11): error TS2339: Property 'jobs' does not exist on type '{} | null'.
src/components/EarthView.tsx(12,17): error TS2339: Property 'selectJob' does not exist on type '{} | null'.
src/components/EarthView.tsx(12,28): error TS2339: Property 'clearSelectedJob' does not exist on type '{} | null'.
src/components/EarthView.tsx(12,46): error TS2339: Property 'latchedStatus' does not exist on type '{} | null'.
src/components/EarthView.tsx(12,61): error TS2339: Property 'setLatchedStatus' does not exist on type '{} | null'.
src/components/EarthView.tsx(38,15): error TS7006: Parameter 'job' implicitly has an 'any' type.
src/components/EarthView.tsx(39,13): error TS7006: Parameter 'job' implicitly has an 'any' type.
src/components/EarthView.tsx(104,18): error TS7006: Parameter 'pin' implicitly has an 'any' type.
src/components/EarthView.tsx(104,23): error TS7006: Parameter 'i' implicitly has an 'any' type.
src/components/Experience.tsx(28,5): error TS2339: Property 'jobs' does not exist on type '{} | null'.
src/components/Experience.tsx(29,5): error TS2339: Property 'selectedJobId' does not exist on type '{} | null'.
src/components/Experience.tsx(30,5): error TS2339: Property 'viewMode' does not exist on type '{} | null'.
src/components/Experience.tsx(31,5): error TS2339: Property 'setViewMode' does not exist on type '{} | null'.
src/components/Experience.tsx(32,5): error TS2339: Property 'focusedGalaxy' does not exist on type '{} | null'.
src/components/Experience.tsx(32,5): error TS6133: 'focusedGalaxy' is declared but its value is never read.
src/components/Experience.tsx(33,5): error TS2339: Property 'setFocusedGalaxy' does not exist on type '{} | null'.
src/components/Experience.tsx(34,5): error TS2339: Property 'activeStatus' does not exist on type '{} | null'.
src/components/Experience.tsx(35,5): error TS2339: Property 'setActiveStatus' does not exist on type '{} | null'.
src/components/Experience.tsx(36,5): error TS2339: Property 'toggleChat' does not exist on type '{} | null'.
src/components/Experience.tsx(37,5): error TS2339: Property 'googleToken' does not exist on type '{} | null'.
src/components/Experience.tsx(38,5): error TS2339: Property 'voiceEnabled' does not exist on type '{} | null'.
src/components/Experience.tsx(39,5): error TS2339: Property 'isDictating' does not exist on type '{} | null'.
src/components/Experience.tsx(40,5): error TS2339: Property 'isFullVoice' does not exist on type '{} | null'.
src/components/Experience.tsx(41,5): error TS2339: Property 'orbMode' does not exist on type '{} | null'.
src/components/Experience.tsx(42,5): error TS2339: Property 'selectJob' does not exist on type '{} | null'.
src/components/Experience.tsx(43,5): error TS2339: Property 'clearSelectedJob' does not exist on type '{} | null'.
src/components/experience/HardCameraSnap.tsx(15,46): error TS6133: 'viewMode' is declared but its value is never read.
src/components/experience/NavigationStreaks.tsx(34,13): error TS6133: 'state' is declared but its value is never read.
src/components/experience/NavigationStreaks.tsx(49,10): error TS2741: Property 'args' is missing in type '{ attach: string; count: number; array: Float32Array<ArrayBuffer>; itemSize: number; }' but required in type 'Mutable<Overwrite<Partial<Overwrite<BufferAttribute, MathProps<BufferAttribute> & ReactProps<BufferAttribute>>>, Omit<...>>>'.
src/components/experience/NavigationStreaks.tsx(55,10): error TS2741: Property 'args' is missing in type '{ attach: string; count: number; array: Float32Array<ArrayBuffer>; itemSize: number; }' but required in type 'Mutable<Overwrite<Partial<Overwrite<BufferAttribute, MathProps<BufferAttribute> & ReactProps<BufferAttribute>>>, Omit<...>>>'.
src/components/experience/Satellite.tsx(30,3): error TS2304: Cannot find name 'useEffect'.
src/components/MapPanel.tsx(42,11): error TS2339: Property 'jobs' does not exist on type '{} | null'.
src/components/MapPanel.tsx(42,17): error TS2339: Property 'selectedJobId' does not exist on type '{} | null'.
src/components/MapPanel.tsx(42,32): error TS2339: Property 'viewMode' does not exist on type '{} | null'.
src/components/MapPanel.tsx(42,42): error TS2339: Property 'selectJob' does not exist on type '{} | null'.
src/components/MapPanel.tsx(46,15): error TS7006: Parameter 'j' implicitly has an 'any' type.
src/components/MapPanel.tsx(106,23): error TS7006: Parameter 'job' implicitly has an 'any' type.
src/components/UniversalJobCard.tsx(8,11): error TS2339: Property 'jobs' does not exist on type '{} | null'.
src/components/UniversalJobCard.tsx(8,17): error TS2339: Property 'selectedJobId' does not exist on type '{} | null'.
src/components/UniversalJobCard.tsx(8,32): error TS2339: Property 'clearSelectedJob' does not exist on type '{} | null'.
src/components/UniversalJobCard.tsx(11,31): error TS7006: Parameter 'j' implicitly has an 'any' type.
src/components/UniversalJobCard.tsx(80,50): error TS7006: Parameter 'sat' implicitly has an 'any' type.
src/components/UniversalJobCard.tsx(97,45): error TS7006: Parameter 'moon' implicitly has an 'any' type.
src/hooks/useVoiceCommands.ts(17,5): error TS2339: Property 'jobs' does not exist on type '{} | null'.
src/hooks/useVoiceCommands.ts(18,5): error TS2339: Property 'googleToken' does not exist on type '{} | null'.
src/hooks/useVoiceCommands.ts(19,5): error TS2339: Property 'viewMode' does not exist on type '{} | null'.
src/hooks/useVoiceCommands.ts(20,5): error TS2339: Property 'focusedGalaxy' does not exist on type '{} | null'.
src/hooks/useVoiceCommands.ts(21,5): error TS2339: Property 'resetUniverse' does not exist on type '{} | null'.
src/hooks/useVoiceCommands.ts(22,5): error TS2339: Property 'setActiveStatus' does not exist on type '{} | null'.
src/hooks/useVoiceCommands.ts(23,5): error TS2339: Property 'setFocusedGalaxy' does not exist on type '{} | null'.
src/hooks/useVoiceCommands.ts(24,5): error TS2339: Property 'setViewMode' does not exist on type '{} | null'.
src/hooks/useVoiceCommands.ts(25,5): error TS2339: Property 'setOrbMode' does not exist on type '{} | null'.
src/hooks/useVoiceCommands.ts(26,5): error TS2339: Property 'selectJob' does not exist on type '{} | null'.
src/hooks/useVoiceCommands.ts(50,31): error TS7006: Parameter 'j' implicitly has an 'any' type.
src/store/LuminaContext.tsx(1,37): error TS6133: 'useEffect' is declared but its value is never read.
